Watching C:\xampp\htdocs\BarangayMS for changes. Press Ctrl+C to stop.
Changed: C:\xampp\htdocs\BarangayMS\emergency_report.php
Changed: C:\xampp\htdocs\BarangayMS\emergency_report.php
Changed: C:\xampp\htdocs\BarangayMS\complaints.css
Changed: C:\xampp\htdocs\BarangayMS\complaints.css
Changed: C:\xampp\htdocs\BarangayMS\emergency_report.php
Changed: C:\xampp\htdocs\BarangayMS\complaints.css
Changed: C:\xampp\htdocs\BarangayMS\emergency_report.php
Changed: C:\xampp\htdocs\BarangayMS\complaints.css
Changed: C:\xampp\htdocs\BarangayMS\emergency_report.php
Changed: C:\xampp\htdocs\BarangayMS\emergency_report.php
Changed: C:\xampp\htdocs\BarangayMS\complaints.css
Changed: C:\xampp\htdocs\BarangayMS\complaints.css
Changed: C:\xampp\htdocs\BarangayMS\emergency_report.php
Changed: C:\xampp\htdocs\BarangayMS\complaints.css
Changed: C:\xampp\htdocs\BarangayMS\complaints.css
Changed: C:\xampp\htdocs\BarangayMS\emergency_report.php
Changed: C:\xampp\htdocs\BarangayMS\complaints.css
Changed: C:\xampp\htdocs\BarangayMS\complaints.css
Changed: C:\xampp\htdocs\BarangayMS\complaints.css
Changed: C:\xampp\htdocs\BarangayMS\complaints.css
Changed: C:\xampp\htdocs\BarangayMS\complaints.css
Changed: C:\xampp\htdocs\BarangayMS\emergency_report.php
Changed: C:\xampp\htdocs\BarangayMS\emergency_report.php
Changed: C:\xampp\htdocs\BarangayMS\complaints.css
Changed: C:\xampp\htdocs\BarangayMS\emergency_report.php
Changed: C:\xampp\htdocs\BarangayMS\complaints.css
Changed: C:\xampp\htdocs\BarangayMS\complaints.css
Changed: C:\xampp\htdocs\BarangayMS\complaints.css
Changed: C:\xampp\htdocs\BarangayMS\emergency_report.php
Changed: C:\xampp\htdocs\BarangayMS\emergency_report.php
Changed: C:\xampp\htdocs\BarangayMS\complaints.css
Changed: C:\xampp\htdocs\BarangayMS\appointments.css
Changed: C:\xampp\htdocs\BarangayMS\appointments.css
Changed: C:\xampp\htdocs\BarangayMS\certification.css
Changed: C:\xampp\htdocs\BarangayMS\certification.css
Changed: C:\xampp\htdocs\BarangayMS\complaints.css
Changed: C:\xampp\htdocs\BarangayMS\complaints.css
Changed: C:\xampp\htdocs\BarangayMS\dashboard.css
Changed: C:\xampp\htdocs\BarangayMS\dashboard.css
Changed: C:\xampp\htdocs\BarangayMS\dashboard.css
Changed: C:\xampp\htdocs\BarangayMS\household.css
Changed: C:\xampp\htdocs\BarangayMS\household.css
Changed: C:\xampp\htdocs\BarangayMS\residents.css
Changed: C:\xampp\htdocs\BarangayMS\residents.css
Changed: C:\xampp\htdocs\BarangayMS\settings.css
Changed: C:\xampp\htdocs\BarangayMS\settings.css
Changed: C:\xampp\htdocs\BarangayMS\emergency_report.php
Changed: C:\xampp\htdocs\BarangayMS\complaints.css
Changed: C:\xampp\htdocs\BarangayMS\appointments.css
Changed: C:\xampp\htdocs\BarangayMS\emergency_report.php
Changed: C:\xampp\htdocs\BarangayMS\complaints.css
Changed: C:\xampp\htdocs\BarangayMS\appointments.css
Changed: C:\xampp\htdocs\BarangayMS\certification.css
Changed: C:\xampp\htdocs\BarangayMS\dashboard.css
Changed: C:\xampp\htdocs\BarangayMS\certification.css
Changed: C:\xampp\htdocs\BarangayMS\dashboard.css
Changed: C:\xampp\htdocs\BarangayMS\household.css
Changed: C:\xampp\htdocs\BarangayMS\household.css
Changed: C:\xampp\htdocs\BarangayMS\residents.css
Changed: C:\xampp\htdocs\BarangayMS\residents.css
Changed: C:\xampp\htdocs\BarangayMS\settings.css
Changed: C:\xampp\htdocs\BarangayMS\settings.css
Changed: C:\xampp\htdocs\BarangayMS\officials.php
Changed: C:\xampp\htdocs\BarangayMS\officials.php
Changed: C:\xampp\htdocs\BarangayMS\officials.php
Changed: C:\xampp\htdocs\BarangayMS\officials.php
Changed: C:\xampp\htdocs\BarangayMS\officials.php
Changed: C:\xampp\htdocs\BarangayMS\officials.php
Changed: C:\xampp\htdocs\BarangayMS\officials.php
Changed: C:\xampp\htdocs\BarangayMS\officials.php
Changed: C:\xampp\htdocs\BarangayMS\officials.php
Changed: C:\xampp\htdocs\BarangayMS\officials.php
Changed: C:\xampp\htdocs\BarangayMS\officials.php
Changed: C:\xampp\htdocs\BarangayMS\officials.php
Changed: C:\xampp\htdocs\BarangayMS\officials.php
Changed: C:\xampp\htdocs\BarangayMS\officials.php
Changed: C:\xampp\htdocs\BarangayMS\officials.php
Changed: C:\xampp\htdocs\BarangayMS\officials.php
Changed: C:\xampp\htdocs\BarangayMS\officials.php
Changed: C:\xampp\htdocs\BarangayMS\officials.php
Changed: C:\xampp\htdocs\BarangayMS\officials.php
Changed: C:\xampp\htdocs\BarangayMS\officials.php
Changed: C:\xampp\htdocs\BarangayMS\officials.php
Changed: C:\xampp\htdocs\BarangayMS\officials.php
Changed: C:\xampp\htdocs\BarangayMS\officials.php
Changed: C:\xampp\htdocs\BarangayMS\officials.php
Changed: C:\xampp\htdocs\BarangayMS\install_db.sql
Changed: C:\xampp\htdocs\BarangayMS\install_db.sql
Changed: C:\xampp\htdocs\BarangayMS\officials.php
Changed: C:\xampp\htdocs\BarangayMS\officials.php
Changed: C:\xampp\htdocs\BarangayMS\officials.php
Changed: C:\xampp\htdocs\BarangayMS\install_db.sql
Changed: C:\xampp\htdocs\BarangayMS\officials.php
Changed: C:\xampp\htdocs\BarangayMS\install_db.sql
